// Jest Snapshot v1, https://goo.gl/fbAQLP

exports[`Picker renders correctly and matches snapshot 1`] = `
<div
  className="sc-bdfBwQ VfWiw"
>
  <div
    className="sc-gsTCUz MjhWT"
    style={
      Object {
        "width": "250px",
      }
    }
  >
    <input
      autoCapitalize="none"
      autoComplete="off"
      autoCorrect="off"
      className="sc-eCssSg cnnnnc"
      name="giphy-search"
      onChange={[Function]}
      onKeyDown={[Function]}
      placeholder="Search for GIFs"
      style={Object {}}
      type="text"
      value=""
    />
    <div
      className="sc-dlfnbm hMoKBg"
    />
  </div>
</div>
`;
